../Core/Src/main.c:92:5:main	2
../Core/Src/main.c:205:6:SystemClock_Config	3
../Core/Src/main.c:252:13:MX_USART2_UART_Init	2
../Core/Src/main.c:285:13:MX_USART6_UART_Init	2
../Core/Src/main.c:316:13:MX_DMA_Init	1
../Core/Src/main.c:338:13:MX_GPIO_Init	1
../Core/Src/main.c:354:6:USART2_IRQHandler	4
../Core/Src/main.c:391:6:USART6_IRQHandler	4
../Core/Src/main.c:428:6:ring_buffer_write	2
../Core/Src/main.c:436:6:esp_ring_buffer_write	2
../Core/Src/main.c:455:6:HAL_TIM_PeriodElapsedCallback	2
../Core/Src/main.c:473:6:Error_Handler	1
