../Drivers/CMSIS/Include/core_cm4.h:1938:34:__NVIC_SystemReset	4	static,ignoring_inline_asm
../Core/Src/main.c:196:5:main	8	static
../Core/Src/main.c:280:6:SystemClock_Config	88	static
../Core/Src/main.c:327:13:MX_I2S2_Init	8	static
../Core/Src/main.c:376:13:MX_USART1_UART_Init	8	static
../Core/Src/main.c:409:13:MX_USART2_UART_Init	8	static
../Core/Src/main.c:440:13:MX_DMA_Init	16	static
../Core/Src/main.c:468:13:MX_GPIO_Init	40	static
../Core/Src/main.c:498:5:ESP32_ReadLine	24	static
../Core/Src/main.c:519:9:ESP32_ParseCIFSR_IP	32	static
../Core/Src/main.c:535:6:ESP32_ProcessResponses	136	static
../Core/Src/main.c:556:6:ESP32_ClearFlags	4	static
../Core/Src/main.c:566:6:ESP32_SendCommand	16	static
../Core/Src/main.c:573:6:ESP32_StateMachine	136	static
../Core/Src/main.c:752:6:TCP_AudioSendStateMachine	88	static
../Core/Src/main.c:817:6:USART2_IRQHandler	24	static
../Core/Src/main.c:842:6:USART1_IRQHandler	24	static
../Core/Src/main.c:867:6:ring_buffer_write	24	static
../Core/Src/main.c:875:6:esp_ring_buffer_write	24	static
../Core/Src/main.c:885:6:ProcessAudioBlock	104	static
../Core/Src/main.c:943:6:HAL_I2S_RxHalfCpltCallback	16	static
../Core/Src/main.c:948:6:HAL_I2S_RxCpltCallback	16	static
../Core/Src/main.c:955:6:HAL_GPIO_EXTI_Callback	88	static
../Core/Src/main.c:1015:6:HAL_TIM_PeriodElapsedCallback	16	static
../Core/Src/main.c:1033:6:Error_Handler	4	static,ignoring_inline_asm
