../Drivers/CMSIS/Include/core_cm4.h:1938:34:__NVIC_SystemReset	4	static,ignoring_inline_asm
../Core/Src/main.c:194:5:main	8	static
../Core/Src/main.c:259:6:SystemClock_Config	88	static
../Core/Src/main.c:299:13:MX_I2S2_Init	8	static
../Core/Src/main.c:321:13:MX_USART1_UART_Init	8	static
../Core/Src/main.c:342:13:MX_USART2_UART_Init	8	static
../Core/Src/main.c:361:13:MX_DMA_Init	16	static
../Core/Src/main.c:379:13:MX_GPIO_Init	40	static
../Core/Src/main.c:399:5:ESP32_ReadLine	24	static
../Core/Src/main.c:420:9:ESP32_ParseCIFSR_IP	32	static
../Core/Src/main.c:436:6:ESP32_ProcessResponses	136	static
../Core/Src/main.c:457:6:ESP32_ClearFlags	4	static
../Core/Src/main.c:467:6:ESP32_SendCommand	16	static
../Core/Src/main.c:474:6:ESP32_StateMachine	136	static
../Core/Src/main.c:652:6:TCP_AudioSendStateMachine	88	static
../Core/Src/main.c:717:6:USART2_IRQHandler	24	static
../Core/Src/main.c:742:6:USART1_IRQHandler	24	static
../Core/Src/main.c:767:6:ring_buffer_write	24	static
../Core/Src/main.c:775:6:esp_ring_buffer_write	24	static
../Core/Src/main.c:784:6:ProcessAudioBlock	104	static
../Core/Src/main.c:841:6:HAL_I2S_RxHalfCpltCallback	16	static
../Core/Src/main.c:846:6:HAL_I2S_RxCpltCallback	16	static
../Core/Src/main.c:853:6:HAL_GPIO_EXTI_Callback	88	static
../Core/Src/main.c:905:6:HAL_TIM_PeriodElapsedCallback	16	static
../Core/Src/main.c:910:6:Error_Handler	4	static,ignoring_inline_asm
