../Drivers/CMSIS/Include/core_cm4.h:1938:34:__NVIC_SystemReset	1
../Core/Src/main.c:196:5:main	9
../Core/Src/main.c:280:6:SystemClock_Config	3
../Core/Src/main.c:327:13:MX_I2S2_Init	3
../Core/Src/main.c:376:13:MX_USART1_UART_Init	2
../Core/Src/main.c:409:13:MX_USART2_UART_Init	2
../Core/Src/main.c:440:13:MX_DMA_Init	1
../Core/Src/main.c:468:13:MX_GPIO_Init	1
../Core/Src/main.c:498:5:ESP32_ReadLine	6
../Core/Src/main.c:519:9:ESP32_ParseCIFSR_IP	8
../Core/Src/main.c:535:6:ESP32_ProcessResponses	11
../Core/Src/main.c:556:6:ESP32_ClearFlags	1
../Core/Src/main.c:566:6:ESP32_SendCommand	1
../Core/Src/main.c:573:6:ESP32_StateMachine	60
../Core/Src/main.c:752:6:TCP_AudioSendStateMachine	14
../Core/Src/main.c:817:6:USART2_IRQHandler	4
../Core/Src/main.c:842:6:USART1_IRQHandler	4
../Core/Src/main.c:867:6:ring_buffer_write	2
../Core/Src/main.c:875:6:esp_ring_buffer_write	2
../Core/Src/main.c:885:6:ProcessAudioBlock	13
../Core/Src/main.c:943:6:HAL_I2S_RxHalfCpltCallback	2
../Core/Src/main.c:948:6:HAL_I2S_RxCpltCallback	2
../Core/Src/main.c:955:6:HAL_GPIO_EXTI_Callback	8
../Core/Src/main.c:1015:6:HAL_TIM_PeriodElapsedCallback	2
../Core/Src/main.c:1033:6:Error_Handler	1
