../Drivers/CMSIS/Include/core_cm4.h:1684:22:__NVIC_EnableIRQ	16	static,ignoring_inline_asm
../Drivers/CMSIS/Include/core_cm4.h:1814:22:__NVIC_SetPriority	16	static
/home/robophilia/workspace/RTOS_workspace/common/ThirdParty/SEGGER/Rec/segger_uart.c:74:13:_StartSysView	8	static
/home/robophilia/workspace/RTOS_workspace/common/ThirdParty/SEGGER/Rec/segger_uart.c:80:13:_cbOnUARTRx	16	static
/home/robophilia/workspace/RTOS_workspace/common/ThirdParty/SEGGER/Rec/segger_uart.c:89:12:_cbOnUARTTx	24	static
/home/robophilia/workspace/RTOS_workspace/common/ThirdParty/SEGGER/Rec/segger_uart.c:100:6:SEGGER_UART_init	16	static
/home/robophilia/workspace/RTOS_workspace/common/ThirdParty/SEGGER/Rec/segger_uart.c:104:6:HIF_UART_WaitForTxEnd	4	static
/home/robophilia/workspace/RTOS_workspace/common/ThirdParty/SEGGER/Rec/segger_uart.c:109:6:USART2_IRQHandler	24	static
/home/robophilia/workspace/RTOS_workspace/common/ThirdParty/SEGGER/Rec/segger_uart.c:138:6:HIF_UART_EnableTXEInterrupt	4	static
/home/robophilia/workspace/RTOS_workspace/common/ThirdParty/SEGGER/Rec/segger_uart.c:142:6:HIF_UART_Init	40	static
